"first.objectShellMeanIntensity4MaxSliceMask","second.objectShellMeanIntensity4MaxSliceMask","pair.numTouchingVoxels","pair.numTouchingVoxelFaces","pair.areTouching","pair.numTouchingVoxelFacesOverMean","pair.numTouchingVoxelFacesOverMax","pair.numTouchingVoxelFacesOverMin","pair.objectEdgeIntersectionIntensityMaxSlice.1","pair.objectEdgeIntersectionIntensityMaxSlice.2","pair.objectEdgeIntersectionIntensityMaxSlice.3","pair.objectEdgeIntersectionIntensityMaxSlice.4","pair.objectEdgeIntersectionIntensityMaxSlice.5","pair.objectEdgeIntersectionIntensityMaxSlice.6","pair.objectEdgeIntersectionIntensity.1","pair.objectEdgeIntersectionIntensity.2","pair.objectEdgeIntersectionIntensity.3","pair.objectEdgeIntersectionIntensity.4","pair.objectEdgeIntersectionIntensity.5","pair.objectEdgeIntersectionIntensity.6","pair.objectEdgeIntersectionIntensityMagnitude.1.0","pair.objectEdgeIntersectionIntensityMagnitude.1.1","pair.objectEdgeIntersectionIntensityMagnitude.1.2","pair.objectEdgeIntersectionIntensityMagnitude.1.3","pair.objectEdgeIntersectionIntensityMagnitude.2.0","pair.objectEdgeIntersectionIntensityMagnitude.2.1","pair.objectEdgeIntersectionIntensityMagnitude.2.2","pair.objectEdgeIntersectionIntensityMagnitude.2.3","pair.objectEdgeIntersectionIntensityMagnitude.3.0","pair.objectEdgeIntersectionIntensityMagnitude.3.1","pair.objectEdgeIntersectionIntensityMagnitude.3.2","pair.objectEdgeIntersectionIntensityMagnitude.3.3","pair.objectEdgeIntersectionIntensityMagnitude.4.0","pair.objectEdgeIntersectionIntensityMagnitude.4.1","pair.objectEdgeIntersectionIntensityMagnitude.4.2","pair.objectEdgeIntersectionIntensityMagnitude.4.3","pair.objectEdgeIntersectionIntensityMagnitude.5.0","pair.objectEdgeIntersectionIntensityMagnitude.5.1","pair.objectEdgeIntersectionIntensityMagnitude.5.2","pair.objectEdgeIntersectionIntensityMagnitude.5.3","pair.objectEdgeIntersectionIntensityMagnitude.6.0","pair.objectEdgeIntersectionIntensityMagnitude.6.1","pair.objectEdgeIntersectionIntensityMagnitude.6.2","pair.objectEdgeIntersectionIntensityMagnitude.6.3","pair.objectEdgeIntersectionIntensityMagnitudeNormInner.1.0","pair.objectEdgeIntersectionIntensityMagnitudeNormInner.1.1","pair.objectEdgeIntersectionIntensityMagnitudeNormInner.1.2","pair.objectEdgeIntersectionIntensityMagnitudeNormInner.1.3","pair.objectEdgeIntersectionIntensityMagnitudeNormInner.2.0","pair.objectEdgeIntersectionIntensityMagnitudeNormInner.2.1","pair.objectEdgeIntersectionIntensityMagnitudeNormInner.2.2","pair.objectEdgeIntersectionIntensityMagnitudeNormInner.2.3","pair.objectEdgeIntersectionIntensityMagnitudeNormInner.3.0","pair.objectEdgeIntersectionIntensityMagnitudeNormInner.3.1","pair.objectEdgeIntersectionIntensityMagnitudeNormInner.3.2","pair.objectEdgeIntersectionIntensityMagnitudeNormInner.3.3","pair.objectEdgeIntersectionIntensityMagnitudeNormInner.4.0","pair.objectEdgeIntersectionIntensityMagnitudeNormInner.4.1","pair.objectEdgeIntersectionIntensityMagnitudeNormInner.4.2","pair.objectEdgeIntersectionIntensityMagnitudeNormInner.4.3","pair.objectEdgeIntersectionIntensityMagnitudeNormInner.5.0","pair.objectEdgeIntersectionIntensityMagnitudeNormInner.5.1","pair.objectEdgeIntersectionIntensityMagnitudeNormInner.5.2","pair.objectEdgeIntersectionIntensityMagnitudeNormInner.5.3","pair.objectEdgeIntersectionIntensityMagnitudeNormInner.6.0","pair.objectEdgeIntersectionIntensityMagnitudeNormInner.6.1","pair.objectEdgeIntersectionIntensityMagnitudeNormInner.6.2","pair.objectEdgeIntersectionIntensityMagnitudeNormInner.6.3","pair.objectEdgeIntersectionIntensityMagnitudeNormShell.1.0","pair.objectEdgeIntersectionIntensityMagnitudeNormShell.1.1","pair.objectEdgeIntersectionIntensityMagnitudeNormShell.1.2","pair.objectEdgeIntersectionIntensityMagnitudeNormShell.1.3","pair.objectEdgeIntersectionIntensityMagnitudeNormShell.2.0","pair.objectEdgeIntersectionIntensityMagnitudeNormShell.2.1","pair.objectEdgeIntersectionIntensityMagnitudeNormShell.2.2","pair.objectEdgeIntersectionIntensityMagnitudeNormShell.2.3","pair.objectEdgeIntersectionIntensityMagnitudeNormShell.3.0","pair.objectEdgeIntersectionIntensityMagnitudeNormShell.3.1","pair.objectEdgeIntersectionIntensityMagnitudeNormShell.3.2","pair.objectEdgeIntersectionIntensityMagnitudeNormShell.3.3","pair.objectEdgeIntersectionIntensityMagnitudeNormShell.4.0","pair.objectEdgeIntersectionIntensityMagnitudeNormShell.4.1","pair.objectEdgeIntersectionIntensityMagnitudeNormShell.4.2","pair.objectEdgeIntersectionIntensityMagnitudeNormShell.4.3","pair.objectEdgeIntersectionIntensityMagnitudeNormShell.5.0","pair.objectEdgeIntersectionIntensityMagnitudeNormShell.5.1","pair.objectEdgeIntersectionIntensityMagnitudeNormShell.5.2","pair.objectEdgeIntersectionIntensityMagnitudeNormShell.5.3","pair.objectEdgeIntersectionIntensityMagnitudeNormShell.6.0","pair.objectEdgeIntersectionIntensityMagnitudeNormShell.6.1","pair.objectEdgeIntersectionIntensityMagnitudeNormShell.6.2","pair.objectEdgeIntersectionIntensityMagnitudeNormShell.6.3","pair.objectEdgeIntersectionIntensityMedian.1","pair.objectEdgeIntersectionIntensityMedian.2","pair.objectEdgeIntersectionIntensityMedian.3","pair.objectEdgeIntersectionIntensityMedian.4","pair.objectEdgeIntersectionIntensityMedian.5","pair.objectEdgeIntersectionIntensityMedian.6","pair.objectEdgeIntersectionIntensityMaxSlice3D.1","pair.objectEdgeIntersectionIntensityMaxSlice3D.2","pair.objectEdgeIntersectionIntensityMaxSlice3D.3","pair.objectEdgeIntersectionIntensityMaxSlice3D.4","pair.objectEdgeIntersectionIntensityMaxSlice3D.5","pair.objectEdgeIntersectionIntensityMaxSlice3D.6","pair.objectEdgeIntersectionIntensity3D.1","pair.objectEdgeIntersectionIntensity3D.2","pair.objectEdgeIntersectionIntensity3D.3","pair.objectEdgeIntersectionIntensity3D.4","pair.objectEdgeIntersectionIntensity3D.5","pair.objectEdgeIntersectionIntensity3D.6","merged.objectShellMeanIntensity4MaxSliceMask"
34.0000000000,20.0000000000,8.0000000000,10.0000000000,1.0000000000,0.1923076923,0.1666666667,0.2272727273,0.0000000000,0.0000000000,0.0000000000,0.0000000000,0.0000000000,0.0000000000,NaN,NaN,NaN,NaN,NaN,NaN,56676.8701617985,56677.7457294509,56680.1145684599,56684.1184881647,56672.8326552167,56674.2379609164,56675.9509824757,56680.1152787324,56673.8252535810,56675.1661047290,56677.4047270092,56681.6647798762,56672.1353586220,56673.1740893642,56674.9869605076,56678.6601690780,56672.6454663632,56673.7674735250,56675.7922667026,56679.8926860090,56671.5316485101,56672.4301711784,56674.0463865643,56677.3714762249,-11.3353740324,-11.3355491459,-11.3360229137,-11.3368236976,-11.3345665310,-11.3348475922,-11.3351901965,-11.3360230557,-11.3347650507,-11.3350332209,-11.3354809454,-11.3363329560,-11.3344270717,-11.3346348179,-11.3349973921,-11.3357320338,-11.3345290933,-11.3347534947,-11.3351584533,-11.3359785372,-11.3343063297,-11.3344860342,-11.3348092773,-11.3354742952,1.0001364342,1.0001518847,1.0001936859,1.0002643402,1.0000651872,1.0000899856,1.0001202141,1.0001936984,1.0000827028,1.0001063639,1.0001458673,1.0002210414,1.0000528825,1.0000712122,1.0001032027,1.0001680212,1.0000618840,1.0000816832,1.0001174133,1.0001897705,1.0000422292,1.0000580848,1.0000866050,1.0001452805,26.0000000000,26.0000000000,27.0000000000,27.0000000000,27.0000000000,28.0000000000,5000.0000000000,5000.0000000000,5000.0000000000,5000.0000000000,5000.0000000000,5000.0000000000,5000.0000000000,5000.0000000000,5000.0000000000,5000.0000000000,5000.0000000000,5000.0000000000,28.4576271186
54.0000000000,34.0000000000,6.0000000000,10.0000000000,1.0000000000,0.1470588235,0.1315789474,0.1666666667,0.0000000000,0.0000000000,0.0000000000,0.0000000000,0.0000000000,0.0000000000,NaN,NaN,NaN,NaN,NaN,NaN,56664.3001166606,56665.7322168139,56668.1472730953,56672.2627461570,56663.2935092532,56664.7343663950,56668.0646608636,56672.3781261043,56662.8568395292,56664.2475038215,56666.8248417394,56672.2627696799,56662.3154961252,56663.4859379744,56665.6163433968,56670.3355380751,56662.0297946411,56663.1008780889,56665.0294471964,56668.4303847726,56661.7768887056,56662.7384756539,56664.4551119579,56667.4602126819,-11.3328600233,-11.3331464434,-11.3336294546,-11.3344525492,-11.3326587019,-11.3329468733,-11.3336129322,-11.3344756252,-11.3325713679,-11.3328495008,-11.3333649683,-11.3344525539,-11.3324630992,-11.3326971876,-11.3331232687,-11.3340671076,-11.3324059589,-11.3326201756,-11.3330058894,-11.3336860770,-11.3323553777,-11.3325476951,-11.3328910224,-11.3334920425,1.0001046499,1.0001299259,1.0001725508,1.0002451875,1.0000868836,1.0001123142,1.0001710927,1.0002472239,1.0000791766,1.0001037213,1.0001492104,1.0002451879,1.0000696220,1.0000902799,1.0001278808,1.0002111729,1.0000645795,1.0000834838,1.0001175223,1.0001775476,1.0000601158,1.0000770875,1.0001073855,1.0001604245,43.0000000000,43.0000000000,43.0000000000,43.0000000000,43.0000000000,43.0000000000,5000.0000000000,5000.0000000000,5000.0000000000,5000.0000000000,5000.0000000000,5000.0000000000,5000.0000000000,5000.0000000000,5000.0000000000,5000.0000000000,5000.0000000000,5000.0000000000,46.0256410256
80.0000000000,54.0000000000,8.0000000000,12.0000000000,1.0000000000,0.1428571429,0.1304347826,0.1578947368,0.0000000000,0.0000000000,0.0000000000,0.0000000000,0.0000000000,0.0000000000,NaN,NaN,NaN,NaN,NaN,NaN,56650.3863464890,56650.9673777214,56652.5164720224,56654.7853950059,56649.6209914936,56650.5525368095,56652.4524173725,56654.8679881886,56649.0172926694,56650.1075699381,56651.9769180314,56654.7854185454,56648.6773955759,56649.5943848423,56651.2412824325,56654.1556235994,56648.2764581069,56649.0819899837,56650.4697373376,56653.1285805737,56648.0523553836,56648.8051794559,56650.0662254817,56652.0498269400,-11.3300772693,-11.3301934755,-11.3305032944,-11.3309570790,-11.3299241983,-11.3301105074,-11.3304904835,-11.3309735976,-11.3298034585,-11.3300215140,-11.3303953836,-11.3309570837,-11.3297354791,-11.3299188770,-11.3302482565,-11.3308311247,-11.3296552916,-11.3298163980,-11.3300939475,-11.3306257161,-11.3296104711,-11.3297610359,-11.3300132451,-11.3304099654,1.0001018254,1.0001120829,1.0001394305,1.0001794859,1.0000883139,1.0001047593,1.0001382997,1.0001809440,1.0000776562,1.0000969039,1.0001299052,1.0001794863,1.0000716557,1.0000878442,1.0001169184,1.0001683679,1.0000645776,1.0000787984,1.0001032976,1.0001502366,1.0000606213,1.0000739116,1.0000961740,1.0001311924,66.0000000000,66.0000000000,66.0000000000,66.0000000000,66.0000000000,66.0000000000,5000.0000000000,5000.0000000000,5000.0000000000,5000.0000000000,5000.0000000000,5000.0000000000,5000.0000000000,5000.0000000000,5000.0000000000,5000.0000000000,5000.0000000000,5000.0000000000,68.9402985075
