"id","group","objSetName","first.someFeature","second.someFeature","pair.someFeature","merged.someFeature"
"arbitraryPath","arbitraryPath","objsTest",149.0000000000,81.0000000000,149.0000000000,221.0000000000
"arbitraryPath","arbitraryPath","objsTest",377.0000000000,253.0000000000,377.0000000000,621.0000000000
"arbitraryPath","arbitraryPath","objsTest",253.0000000000,149.0000000000,253.0000000000,393.0000000000
