"image","unique_pixel_in_object","group","first.someFeature","second.someFeature","merged.someFeature","pair.someFeature"
"arbitraryIdentifier","17_17_0_and_10_10_0","arbitraryGroup",149.0000000000,81.0000000000,221.0000000000,149.0000000000
"arbitraryIdentifier","27_27_0_and_17_17_0","arbitraryGroup",253.0000000000,149.0000000000,393.0000000000,253.0000000000
"arbitraryIdentifier","40_40_0_and_27_27_0","arbitraryGroup",377.0000000000,253.0000000000,621.0000000000,377.0000000000
