"image","unique_pixel_in_object","group","numVoxels","cogX","cogY","numBorderVoxels","meanIntensity","cogYRef"
"arbitraryIdentifier","10_10_0","arbitraryGroup",81.0000000000,10.0000000000,10.0000000000,28.0000000000,20.0000000000,10.0000000000
"arbitraryIdentifier","17_17_0","arbitraryGroup",149.0000000000,17.0000000000,17.0000000000,36.0000000000,34.0000000000,17.0000000000
"arbitraryIdentifier","27_27_0","arbitraryGroup",253.0000000000,27.0000000000,27.0000000000,48.0000000000,54.0000000000,27.0000000000
"arbitraryIdentifier","40_40_0","arbitraryGroup",377.0000000000,40.0000000000,40.0000000000,60.0000000000,80.0000000000,40.0000000000
"arbitraryIdentifier","75_75_0","arbitraryGroup",529.0000000000,75.0000000000,75.0000000000,72.0000000000,150.0000000000,75.0000000000
"arbitraryIdentifier","114_114_0","arbitraryGroup",709.0000000000,114.0000000000,114.0000000000,84.0000000000,228.0000000000,114.0000000000
