"first.objectShellMeanIntensity4MaxSliceMask","second.objectShellMeanIntensity4MaxSliceMask","merged.objectShellMeanIntensity4MaxSliceMask","pair.numTouchingVoxels","pair.numTouchingVoxelFaces","pair.areTouching","pair.numTouchingVoxelFacesOverMean","pair.numTouchingVoxelFacesOverMax","pair.numTouchingVoxelFacesOverMin","pair.objectEdgeIntersectionIntensityMaxSlice.1","pair.objectEdgeIntersectionIntensityMaxSlice.2","pair.objectEdgeIntersectionIntensityMaxSlice.3","pair.objectEdgeIntersectionIntensityMaxSlice.4","pair.objectEdgeIntersectionIntensityMaxSlice.5","pair.objectEdgeIntersectionIntensityMaxSlice.6","pair.objectEdgeIntersectionIntensity.1","pair.objectEdgeIntersectionIntensity.2","pair.objectEdgeIntersectionIntensity.3","pair.objectEdgeIntersectionIntensity.4","pair.objectEdgeIntersectionIntensity.5","pair.objectEdgeIntersectionIntensity.6","pair.objectEdgeIntersectionIntensityMagnitude.1.0","pair.objectEdgeIntersectionIntensityMagnitude.1.1","pair.objectEdgeIntersectionIntensityMagnitude.1.2","pair.objectEdgeIntersectionIntensityMagnitude.1.3","pair.objectEdgeIntersectionIntensityMagnitude.2.0","pair.objectEdgeIntersectionIntensityMagnitude.2.1","pair.objectEdgeIntersectionIntensityMagnitude.2.2","pair.objectEdgeIntersectionIntensityMagnitude.2.3","pair.objectEdgeIntersectionIntensityMagnitude.3.0","pair.objectEdgeIntersectionIntensityMagnitude.3.1","pair.objectEdgeIntersectionIntensityMagnitude.3.2","pair.objectEdgeIntersectionIntensityMagnitude.3.3","pair.objectEdgeIntersectionIntensityMagnitude.4.0","pair.objectEdgeIntersectionIntensityMagnitude.4.1","pair.objectEdgeIntersectionIntensityMagnitude.4.2","pair.objectEdgeIntersectionIntensityMagnitude.4.3","pair.objectEdgeIntersectionIntensityMagnitude.5.0","pair.objectEdgeIntersectionIntensityMagnitude.5.1","pair.objectEdgeIntersectionIntensityMagnitude.5.2","pair.objectEdgeIntersectionIntensityMagnitude.5.3","pair.objectEdgeIntersectionIntensityMagnitude.6.0","pair.objectEdgeIntersectionIntensityMagnitude.6.1","pair.objectEdgeIntersectionIntensityMagnitude.6.2","pair.objectEdgeIntersectionIntensityMagnitude.6.3","pair.objectEdgeIntersectionIntensityMagnitudeNormInner.1.0","pair.objectEdgeIntersectionIntensityMagnitudeNormInner.1.1","pair.objectEdgeIntersectionIntensityMagnitudeNormInner.1.2","pair.objectEdgeIntersectionIntensityMagnitudeNormInner.1.3","pair.objectEdgeIntersectionIntensityMagnitudeNormInner.2.0","pair.objectEdgeIntersectionIntensityMagnitudeNormInner.2.1","pair.objectEdgeIntersectionIntensityMagnitudeNormInner.2.2","pair.objectEdgeIntersectionIntensityMagnitudeNormInner.2.3","pair.objectEdgeIntersectionIntensityMagnitudeNormInner.3.0","pair.objectEdgeIntersectionIntensityMagnitudeNormInner.3.1","pair.objectEdgeIntersectionIntensityMagnitudeNormInner.3.2","pair.objectEdgeIntersectionIntensityMagnitudeNormInner.3.3","pair.objectEdgeIntersectionIntensityMagnitudeNormInner.4.0","pair.objectEdgeIntersectionIntensityMagnitudeNormInner.4.1","pair.objectEdgeIntersectionIntensityMagnitudeNormInner.4.2","pair.objectEdgeIntersectionIntensityMagnitudeNormInner.4.3","pair.objectEdgeIntersectionIntensityMagnitudeNormInner.5.0","pair.objectEdgeIntersectionIntensityMagnitudeNormInner.5.1","pair.objectEdgeIntersectionIntensityMagnitudeNormInner.5.2","pair.objectEdgeIntersectionIntensityMagnitudeNormInner.5.3","pair.objectEdgeIntersectionIntensityMagnitudeNormInner.6.0","pair.objectEdgeIntersectionIntensityMagnitudeNormInner.6.1","pair.objectEdgeIntersectionIntensityMagnitudeNormInner.6.2","pair.objectEdgeIntersectionIntensityMagnitudeNormInner.6.3","pair.objectEdgeIntersectionIntensityMagnitudeNormShell.1.0","pair.objectEdgeIntersectionIntensityMagnitudeNormShell.1.1","pair.objectEdgeIntersectionIntensityMagnitudeNormShell.1.2","pair.objectEdgeIntersectionIntensityMagnitudeNormShell.1.3","pair.objectEdgeIntersectionIntensityMagnitudeNormShell.2.0","pair.objectEdgeIntersectionIntensityMagnitudeNormShell.2.1","pair.objectEdgeIntersectionIntensityMagnitudeNormShell.2.2","pair.objectEdgeIntersectionIntensityMagnitudeNormShell.2.3","pair.objectEdgeIntersectionIntensityMagnitudeNormShell.3.0","pair.objectEdgeIntersectionIntensityMagnitudeNormShell.3.1","pair.objectEdgeIntersectionIntensityMagnitudeNormShell.3.2","pair.objectEdgeIntersectionIntensityMagnitudeNormShell.3.3","pair.objectEdgeIntersectionIntensityMagnitudeNormShell.4.0","pair.objectEdgeIntersectionIntensityMagnitudeNormShell.4.1","pair.objectEdgeIntersectionIntensityMagnitudeNormShell.4.2","pair.objectEdgeIntersectionIntensityMagnitudeNormShell.4.3","pair.objectEdgeIntersectionIntensityMagnitudeNormShell.5.0","pair.objectEdgeIntersectionIntensityMagnitudeNormShell.5.1","pair.objectEdgeIntersectionIntensityMagnitudeNormShell.5.2","pair.objectEdgeIntersectionIntensityMagnitudeNormShell.5.3","pair.objectEdgeIntersectionIntensityMagnitudeNormShell.6.0","pair.objectEdgeIntersectionIntensityMagnitudeNormShell.6.1","pair.objectEdgeIntersectionIntensityMagnitudeNormShell.6.2","pair.objectEdgeIntersectionIntensityMagnitudeNormShell.6.3","pair.objectEdgeIntersectionIntensityMedian.1","pair.objectEdgeIntersectionIntensityMedian.2","pair.objectEdgeIntersectionIntensityMedian.3","pair.objectEdgeIntersectionIntensityMedian.4","pair.objectEdgeIntersectionIntensityMedian.5","pair.objectEdgeIntersectionIntensityMedian.6","pair.objectEdgeIntersectionIntensityMaxSlice3D.1","pair.objectEdgeIntersectionIntensityMaxSlice3D.2","pair.objectEdgeIntersectionIntensityMaxSlice3D.3","pair.objectEdgeIntersectionIntensityMaxSlice3D.4","pair.objectEdgeIntersectionIntensityMaxSlice3D.5","pair.objectEdgeIntersectionIntensityMaxSlice3D.6","pair.objectEdgeIntersectionIntensity3D.1","pair.objectEdgeIntersectionIntensity3D.2","pair.objectEdgeIntersectionIntensity3D.3","pair.objectEdgeIntersectionIntensity3D.4","pair.objectEdgeIntersectionIntensity3D.5","pair.objectEdgeIntersectionIntensity3D.6"
54.0000000000,34.0000000000,46.0256410256,6.0000000000,10.0000000000,1.0000000000,0.1470588235,0.1315789474,0.1666666667,0.0000000000,0.0000000000,0.0000000000,0.0000000000,0.0000000000,0.0000000000,0.0000000000,0.0000000000,0.0000000000,0.0000000000,0.0000000000,0.0000000000,56730.5527106812,56730.6402902427,56730.8602268217,56730.9098565078,56730.4180639520,56730.5781279173,56730.7778276976,56731.0252376298,56730.3136602994,56730.4740444342,56730.7545473675,56730.9098800308,56730.1328022095,56730.2585728743,56730.4607974130,56730.9257079581,56730.0471220103,56730.1814137783,56730.3882674595,56730.5635739836,56729.9189728261,56730.0967282774,56730.3056563825,56730.4821049139,-11.3461105421,-11.3461280580,-11.3461720454,-11.3461819713,-11.3460836128,-11.3461156256,-11.3461555655,-11.3462050475,-11.3460627321,-11.3460948089,-11.3461509095,-11.3461819760,-11.3460265604,-11.3460517146,-11.3460921595,-11.3461851416,-11.3460094244,-11.3460362828,-11.3460776535,-11.3461127148,-11.3459837946,-11.3460193457,-11.3460611313,-11.3460964210,1.0000582931,1.0000598370,1.0000637141,1.0000645890,1.0000559195,1.0000587412,1.0000622615,1.0000666229,1.0000540791,1.0000569064,1.0000618511,1.0000645894,1.0000508909,1.0000531080,1.0000566728,1.0000648684,1.0000493805,1.0000517478,1.0000553943,1.0000584846,1.0000471214,1.0000502550,1.0000539380,1.0000570485,43.0000000000,43.0000000000,43.0000000000,43.0000000000,43.0000000000,43.0000000000,5000.0000000000,5000.0000000000,5000.0000000000,5000.0000000000,5000.0000000000,5000.0000000000,5000.0000000000,5000.0000000000,5000.0000000000,5000.0000000000,5000.0000000000,5000.0000000000
80.0000000000,54.0000000000,68.9402985075,8.0000000000,12.0000000000,1.0000000000,0.1428571429,0.1304347826,0.1578947368,0.0000000000,0.0000000000,0.0000000000,0.0000000000,0.0000000000,0.0000000000,0.0000000000,0.0000000000,0.0000000000,0.0000000000,0.0000000000,0.0000000000,56717.1350240396,56717.2356410303,56717.4397657771,56717.5132662694,56717.0000347033,56717.1501835665,56717.3757098221,56717.5956463443,56716.8849948676,56717.0561628476,56717.2896614572,56717.5132898088,56716.7795381187,56716.9822622838,56717.2485356230,56717.4175149626,56716.6056682386,56716.7854225210,56717.0018614254,56717.4026998755,56716.5188470239,56716.7046345295,56716.9245185700,56717.1213245084,-11.3434270048,-11.3434471282,-11.3434879532,-11.3435026533,-11.3434000069,-11.3434300367,-11.3434751420,-11.3435191293,-11.3433769990,-11.3434112326,-11.3434579323,-11.3435026580,-11.3433559076,-11.3433964525,-11.3434497071,-11.3434835030,-11.3433211336,-11.3433570845,-11.3434003723,-11.3434805400,-11.3433037694,-11.3433409269,-11.3433849037,-11.3434242649,1.0000612448,1.0000630189,1.0000666182,1.0000679142,1.0000588646,1.0000615121,1.0000654887,1.0000693667,1.0000568362,1.0000598543,1.0000639715,1.0000679146,1.0000549767,1.0000585513,1.0000632463,1.0000662258,1.0000519110,1.0000550805,1.0000588968,1.0000659646,1.0000503801,1.0000536560,1.0000575331,1.0000610033,66.0000000000,66.0000000000,66.0000000000,66.0000000000,66.0000000000,66.0000000000,5000.0000000000,5000.0000000000,5000.0000000000,5000.0000000000,5000.0000000000,5000.0000000000,5000.0000000000,5000.0000000000,5000.0000000000,5000.0000000000,5000.0000000000,5000.0000000000
34.0000000000,20.0000000000,28.4576271186,8.0000000000,10.0000000000,1.0000000000,0.1923076923,0.1666666667,0.2272727273,0.0000000000,0.0000000000,0.0000000000,0.0000000000,0.0000000000,0.0000000000,0.0000000000,0.0000000000,0.0000000000,0.0000000000,0.0000000000,0.0000000000,56740.3063586140,56740.3386681972,56740.3581581294,56740.4783592328,56740.0637323752,56740.2003780356,56740.3255607453,56740.4940467174,56739.9622833174,56739.9740534425,56740.0254595537,56740.2333210139,56739.8449707070,56739.8649251253,56739.9100433811,56740.0702671410,56739.6789548705,56739.7560155504,56739.8006992315,56739.9309032567,56739.5177785100,56739.5712636538,56739.5788518719,56739.6179775460,-11.3480612717,-11.3480677336,-11.3480716316,-11.3480956718,-11.3480127465,-11.3480400756,-11.3480651121,-11.3480988093,-11.3479924567,-11.3479948107,-11.3480050919,-11.3480466642,-11.3479689941,-11.3479729850,-11.3479820087,-11.3480140534,-11.3479357910,-11.3479512031,-11.3479601398,-11.3479861807,-11.3479035557,-11.3479142527,-11.3479157704,-11.3479235955,1.0000456709,1.0000462403,1.0000465838,1.0000487024,1.0000413946,1.0000438030,1.0000460093,1.0000489789,1.0000396066,1.0000398140,1.0000407200,1.0000443836,1.0000375389,1.0000378906,1.0000386858,1.0000415098,1.0000346129,1.0000359711,1.0000367586,1.0000390535,1.0000317722,1.0000327148,1.0000328486,1.0000335382,26.0000000000,26.0000000000,27.0000000000,27.0000000000,27.0000000000,28.0000000000,5000.0000000000,5000.0000000000,5000.0000000000,5000.0000000000,5000.0000000000,5000.0000000000,5000.0000000000,5000.0000000000,5000.0000000000,5000.0000000000,5000.0000000000,5000.0000000000
