"id","group","objSetName","image.someFeature","first.numVoxels","first.cogX","first.cogY","first.numBorderVoxels","first.meanIntensity","second.numVoxels","second.cogX","second.cogY","second.numBorderVoxels","second.meanIntensity","merged.numVoxels","merged.cogX","merged.cogY","merged.numBorderVoxels","merged.meanIntensity"
"arbitraryPath","arbitraryPath","objsTest",1031.0000000000,149.0000000000,17.0000000000,17.0000000000,36.0000000000,34.0000000000,81.0000000000,10.0000000000,10.0000000000,28.0000000000,20.0000000000,221.0000000000,14.6018099548,14.6018099548,52.0000000000,29.2036199095
"arbitraryPath","arbitraryPath","objsTest",1031.0000000000,253.0000000000,27.0000000000,27.0000000000,48.0000000000,54.0000000000,149.0000000000,17.0000000000,17.0000000000,36.0000000000,34.0000000000,393.0000000000,23.3409669211,23.3409669211,73.0000000000,46.6819338422
"arbitraryPath","arbitraryPath","objsTest",1031.0000000000,377.0000000000,40.0000000000,40.0000000000,60.0000000000,80.0000000000,253.0000000000,27.0000000000,27.0000000000,48.0000000000,54.0000000000,621.0000000000,34.8083735910,34.8083735910,95.0000000000,69.6167471820
