"numVoxels","cogX","cogY","numBorderVoxels","meanIntensity"
81.0000000000,10.0000000000,10.0000000000,28.0000000000,20.0000000000
149.0000000000,17.0000000000,17.0000000000,36.0000000000,34.0000000000
253.0000000000,27.0000000000,27.0000000000,48.0000000000,54.0000000000
377.0000000000,40.0000000000,40.0000000000,60.0000000000,80.0000000000
529.0000000000,56.0000000000,56.0000000000,72.0000000000,"NaN"
709.0000000000,95.0000000000,95.0000000000,84.0000000000,"NaN"
