"first.someFeature","second.someFeature","pair.someFeature","merged.someFeature"
149.0000000000,81.0000000000,149.0000000000,221.0000000000
377.0000000000,253.0000000000,377.0000000000,621.0000000000
253.0000000000,149.0000000000,253.0000000000,393.0000000000
