"image","unique_pixel_in_object","group","image.voxelDataTypeMaxValue","image.sceneExtntX_Pixels","image.sceneExtntY_Pixels","image.sceneExtntZ_Pixels","image.sceneExtntX","image.sceneExtntY","image.sceneExtntZ","first.numVoxels","first.cogX","first.cogY","first.numBorderVoxels","first.meanIntensity","second.numVoxels","second.cogX","second.cogY","second.numBorderVoxels","second.meanIntensity","merged.numVoxels","merged.cogX","merged.cogY","merged.numBorderVoxels","merged.meanIntensity"
"arbitraryIdentifier","17_17_0_and_10_10_0","arbitraryGroup",255.0000000000,1031.0000000000,2701.0000000000,1.0000000000,10310000.0000000020,27010000.0000000040,25000.0000000000,149.0000000000,17.0000000000,17.0000000000,36.0000000000,34.0000000000,81.0000000000,10.0000000000,10.0000000000,28.0000000000,20.0000000000,221.0000000000,14.6018099548,14.6018099548,52.0000000000,29.2036199095
"arbitraryIdentifier","40_40_0_and_27_27_0","arbitraryGroup",255.0000000000,1031.0000000000,2701.0000000000,1.0000000000,10310000.0000000020,27010000.0000000040,25000.0000000000,377.0000000000,40.0000000000,40.0000000000,60.0000000000,80.0000000000,253.0000000000,27.0000000000,27.0000000000,48.0000000000,54.0000000000,621.0000000000,34.8083735910,34.8083735910,95.0000000000,69.6167471820
"arbitraryIdentifier","27_27_0_and_17_17_0","arbitraryGroup",255.0000000000,1031.0000000000,2701.0000000000,1.0000000000,10310000.0000000020,27010000.0000000040,25000.0000000000,253.0000000000,27.0000000000,27.0000000000,48.0000000000,54.0000000000,149.0000000000,17.0000000000,17.0000000000,36.0000000000,34.0000000000,393.0000000000,23.3409669211,23.3409669211,73.0000000000,46.6819338422
